     1                                  global _start                      
     2                                  
     3                                  section .data                      
     4 00000000 48656C6C6F20776F72-         message db  "Hello world!",10  
     4 00000009 6C64210A           
     5                                      length  equ $ - message        
     6 0000000D 4552524F52210A              error_msg db "ERROR!",10 
     7                                      error_len equ $ - error_msg    
     8                                  
     9                                  section .text                      
    10                                  _start:   
    11 00000000 B801000000                  mov rax, 1                     
    12 00000005 BF01000000                  mov rdi, 1                     
    13 0000000A 48BE-                       mov rsi, message               
    13 0000000C [0000000000000000] 
    14 00000014 BA0D000000                  mov rdx, length                
    15 00000019 0F05                        syscall                        
    16                                      
    17 0000001B 4883F800                    cmp rax, 0                     
    18 0000001F 7C0C                        jl error_exit 
    19                                  
    20 00000021 B83C000000                  mov rax, 60                    
    21 00000026 BF00000000                  mov rdi, 0                     
    22 0000002B 0F05                        syscall                          
    23                                  
    24                                  error_exit:                        
    25                                      
    26 0000002D B801000000                  mov rax, 1                     
    27 00000032 BF02000000                  mov rdi, 2                     
    28 00000037 48BE-                       mov rsi, error_msg           
    28 00000039 [0D00000000000000] 
    29 00000041 BA07000000                  mov rdx, error_len             
    30 00000046 0F05                        syscall
    31                                  
    32 00000048 B83C000000                  mov rax, 60                   
    33 0000004D BF01000000                  mov rdi, 1                     
    34 00000052 0F05                        syscall
